// Jest Snapshot v1, https://goo.gl/fbAQLP

exports[`Prueba en <HookApp /> debe hacer match con snapshot 1`] = `
<div>
  <h1>
    Hola Mundo
  </h1>
</div>
`;
