// Jest Snapshot v1, https://goo.gl/fbAQLP

exports[`Pruebas con <HomeScreen /> debe de mostrar el componente correctamente 1`] = `
<div>
  <h1>
    HomeScreen
  </h1>
  <hr />
  <pre>
    {
   "name": "Bryan",
   "email": "correo@gmail.com"
}
  </pre>
</div>
`;
