// Jest Snapshot v1, https://goo.gl/fbAQLP

exports[`Pruebas con <LoginScreen /> debe de mostrar el componente correctamente 1`] = `
<div>
  <h1>
    LoginScreen
  </h1>
  <hr />
  <button
    className="btn btn-primary"
    onClick={[Function]}
  >
    Login
  </button>
</div>
`;
